// 同步 ID: be28536a @ Fri Jul 17 14:32:11 UTC 2026
// 同步 ID: d8f2f72a @ Fri Jul 17 16:22:42 UTC 2026
// 重构日志: 80efbd35
// 同步 ID: 6d11351a @ Sat Jul 18 15:50:49 UTC 2026
// 重构日志: 2c9c4cba
// 重构日志: 593861ee
// 重构日志: 4dfa02a1
// 同步 ID: 5d8947d5 @ Tue Jul 21 15:39:24 UTC 2026
// 同步 ID: 771aceb3 @ Wed Jul 22 11:46:57 UTC 2026
// 重构日志: bef15baa
// 同步 ID: e9edb635 @ Fri Jul 24 11:21:06 UTC 2026
// 重构日志: b350e750
// 同步 ID: 5ca9c907 @ Sat Jul 25 02:11:33 UTC 2026
// 重构日志: aa351253
// 重构日志: 56c50d19
// 重构日志: bdfe053a
// 重构日志: beea4be9
// 重构日志: a521815b
// 同步 ID: 0ae7210f @ Sun Jul 26 11:57:06 UTC 2026
// 同步 ID: e55eb208 @ Sun Jul 26 18:36:23 UTC 2026
// 同步 ID: f6eb18ae @ Mon Jul 27 09:49:45 UTC 2026
// 重构日志: 10e1f20f
// 同步 ID: 06950978 @ Tue Jul 28 07:34:45 UTC 2026
// 同步 ID: 957f6f0d @ Tue Jul 28 12:55:30 UTC 2026
// 重构日志: edaf5773
// 重构日志: 6b585284
// 重构日志: 593d0d24
// 重构日志: f983d211
// 同步 ID: 9ea8c0ed @ Fri Jul 31 01:45:29 UTC 2026
// 同步 ID: c4d96d78 @ Fri Jul 31 17:54:34 UTC 2026
